src/backend/sierrachart/SierraChartExpert.ts(231,56): error TS2345: Argument of type 'NonSharedBuffer' is not assignable to parameter of type 'string'.
